// Jest Snapshot v1, https://goo.gl/fbAQLP

exports[`Account reducer update account 1`] = `
"Snapshot Diff:
- First value
+ Second value

  Object {
    \\"data\\": Object {
-     \\"email\\": \\"\\",
-     \\"nickname\\": \\"\\",
+     \\"email\\": \\"test@example.com\\",
+     \\"nickname\\": \\"snapshot testing\\",
    },
  }"
`;
